(node:16924) [UNDICI-EHPA] Warning: EnvHttpProxyAgent is experimental, expect them to change at any time.
(Use `Electron --trace-warnings ...` to show where the warning was created)

DevTools listening on ws://127.0.0.1:54989/devtools/browser/03718efe-0077-4be9-89ad-426297cce6e2
[16924:1001/132119.677084:ERROR:content/browser/devtools/devtools_http_handler.cc:303] Error writing DevTools active port to file /private/tmp/loop-card-host-5lCF8x/user-data/session/DevToolsActivePort: No such file or directory (2)
sandbox initialization failed: Operation not permitted
Failed to initialize sandbox.sandbox initialization failed: Operation not permitted
Failed to initialize sandbox.[16924:1001/132119.771301:ERROR:content/browser/gpu/gpu_process_host.cc:957] GPU process exited unexpectedly: exit_code=6
[16924:1001/132119.772718:ERROR:content/browser/network_service_instance_impl.cc:597] Network service crashed, restarting service.
sandbox initialization failed: Operation not permitted
sandbox initialization failed: Operation not permitted
Failed to initialize sandbox.Failed to initialize sandbox.[16924:1001/132119.848204:ERROR:content/browser/gpu/gpu_process_host.cc:957] GPU process exited unexpectedly: exit_code=6
[16924:1001/132119.848484:ERROR:content/browser/network_service_instance_impl.cc:597] Network service crashed, restarting service.
sandbox initialization failed: Operation not permitted
Failed to initialize sandbox.sandbox initialization failed: Operation not permitted
Failed to initialize sandbox.[16924:1001/132119.917659:ERROR:content/browser/gpu/gpu_process_host.cc:957] GPU process exited unexpectedly: exit_code=6
[16924:1001/132119.917969:ERROR:content/browser/network_service_instance_impl.cc:597] Network service crashed, restarting service.
sandbox initialization failed: Operation not permitted
Failed to initialize sandbox.sandbox initialization failed: Operation not permitted
Failed to initialize sandbox.[16924:1001/132119.952005:ERROR:content/browser/network_service_instance_impl.cc:597] Network service crashed, restarting service.
[16924:1001/132119.952614:ERROR:content/browser/gpu/gpu_process_host.cc:957] GPU process exited unexpectedly: exit_code=6
sandbox initialization failed: Operation not permitted
Failed to initialize sandbox.sandbox initialization failed: Operation not permitted
Failed to initialize sandbox.[16924:1001/132119.987257:ERROR:content/browser/network_service_instance_impl.cc:597] Network service crashed, restarting service.
[16924:1001/132119.987506:ERROR:content/browser/gpu/gpu_process_host.cc:957] GPU process exited unexpectedly: exit_code=6
sandbox initialization failed: Operation not permitted
Failed to initialize sandbox.[16924:1001/132120.020308:ERROR:content/browser/network_service_instance_impl.cc:597] Network service crashed, restarting service.
sandbox initialization failed: Operation not permitted
Failed to initialize sandbox.[16924:1001/132120.025006:ERROR:content/browser/gpu/gpu_process_host.cc:957] GPU process exited unexpectedly: exit_code=6
sandbox initialization failed: Operation not permitted
Failed to initialize sandbox.sandbox initialization failed: Operation not permitted
Failed to initialize sandbox.[16924:1001/132120.053151:ERROR:content/browser/network_service_instance_impl.cc:597] Network service crashed, restarting service.
[16924:1001/132120.053400:ERROR:content/browser/gpu/gpu_process_host.cc:957] GPU process exited unexpectedly: exit_code=6
sandbox initialization failed: Operation not permitted
Failed to initialize sandbox.sandbox initialization failed: Operation not permitted
Failed to initialize sandbox.[16924:1001/132120.090578:ERROR:content/browser/gpu/gpu_process_host.cc:957] GPU process exited unexpectedly: exit_code=6
[16924:1001/132120.091134:ERROR:content/browser/network_service_instance_impl.cc:597] Network service crashed, restarting service.
sandbox initialization failed: Operation not permitted
Failed to initialize sandbox.sandbox initialization failed: Operation not permitted
Failed to initialize sandbox.[16924:1001/132120.119067:ERROR:content/browser/gpu/gpu_process_host.cc:957] GPU process exited unexpectedly: exit_code=6
[16924:1001/132120.119809:ERROR:content/browser/network_service_instance_impl.cc:597] Network service crashed, restarting service.
sandbox initialization failed: Operation not permitted
sandbox initialization failed: Operation not permitted
Failed to initialize sandbox.Failed to initialize sandbox.[16924:1001/132120.148079:ERROR:content/browser/gpu/gpu_process_host.cc:957] GPU process exited unexpectedly: exit_code=6
[16924:1001/132120.148575:ERROR:content/browser/network_service_instance_impl.cc:597] Network service crashed, restarting service.
sandbox initialization failed: Operation not permitted
sandbox initialization failed: Operation not permitted
Failed to initialize sandbox.Failed to initialize sandbox.[16924:1001/132120.178352:ERROR:content/browser/gpu/gpu_process_host.cc:957] GPU process exited unexpectedly: exit_code=6
[16924:1001/132120.178782:ERROR:content/browser/network_service_instance_impl.cc:597] Network service crashed, restarting service.
sandbox initialization failed: Operation not permitted
Failed to initialize sandbox.sandbox initialization failed: Operation not permitted
Failed to initialize sandbox.[16924:1001/132120.206789:ERROR:content/browser/gpu/gpu_process_host.cc:957] GPU process exited unexpectedly: exit_code=6
[16924:1001/132120.206799:FATAL:content/browser/gpu/gpu_data_manager_impl_private.cc:415] GPU process isn't usable. Goodbye.
