............................................................................................................................................................
----------------------------------------------------------------------
Ran 156 tests in 37.285s

OK
.
----------------------------------------------------------------------
Ran 1 test in 0.862s

OK
....
----------------------------------------------------------------------
Ran 4 tests in 1.639s

OK
  通过 [A 双方各错一次、额度各 1 次] 总停止类型：实际 'PASSED'
  通过 [A 双方各错一次、额度各 1 次] 退出码：实际 0
  通过 [A 双方各错一次、额度各 1 次] 格式修复总次数 protocol_retries：实际 2
  通过 [A 双方各错一次、额度各 1 次] 按角色计数 protocol_retries_by_role：实际 {'developer': 1, 'reviewer': 1}
  通过 [A 双方各错一次、额度各 1 次] 成员启动次数：实际 4
  通过 [B 评审方一直错] 总停止类型：实际 'BLOCKED'
  通过 [B 评审方一直错] 按角色计数：实际 {'developer': 0, 'reviewer': 1}
  通过 [C 开发方一直错] 总停止类型：实际 'BLOCKED'
  通过 [C 开发方一直错] 按角色计数：实际 {'developer': 1, 'reviewer': 0}
  通过 [C 开发方一直错] 成员启动次数（评审方不应被启动）：实际 2
  通过 [D 额度为 0] 总停止类型：实际 'BLOCKED'
  通过 [D 额度为 0] 成员启动次数：实际 1
  通过 [E 双方都不出错] 总停止类型：实际 'PASSED'
  通过 [E 双方都不出错] 格式修复总次数：实际 0
  通过 [E 双方都不出错] 按角色计数（为 0 也要有这个字段）：实际 {'developer': 0, 'reviewer': 0}

U1 验收：15/15 项通过
  通过 [A 原项目没被动] 总停止类型：实际 'PASSED'
  通过 [A 原项目没被动] 退出码：实际 0
  通过 [A 原项目没被动] result.json 里的 source_drift：实际 []
  通过 [B 成员改了原项目里已有的文件] 总停止类型：实际 'BLOCKED'
  通过 [B 成员改了原项目里已有的文件] 退出码：实际 3
  通过 [B 成员改了原项目里已有的文件] source_drift 列出 baseline.md
  通过 [B 成员改了原项目里已有的文件] result.md 里写出 baseline.md
  通过 [C 成员在原项目里新增文件] 总停止类型：实际 'BLOCKED'
  通过 [C 成员在原项目里新增文件] source_drift 列出 新增文件.txt
  通过 [D 成员删了原项目里的文件] 总停止类型：实际 'BLOCKED'
  通过 [D 成员删了原项目里的文件] source_drift 列出 tests/test_invites.py
  通过 [E 只出现被排除的文件（.DS_Store、__pycache__）] 总停止类型：实际 'PASSED'
  通过 [E 只出现被排除的文件（.DS_Store、__pycache__）] source_drift：实际 []

U2 验收：13/13 项通过
  通过 [A 不写 max_reruns（默认 0）] 总停止类型（不重跑，照旧未达标）：实际 'NOT_MET'
  通过 [A 不写 max_reruns（默认 0）] 门禁执行次数：实际 1
  通过 [A 不写 max_reruns（默认 0）] 门禁记录 reruns：实际 0
  通过 [A 不写 max_reruns（默认 0）] 门禁记录 passed_after_rerun：实际 False
  通过 [A 不写 max_reruns（默认 0）] 单元计数 gate_reruns（为 0 也要有）：实际 0
  通过 [B 允许重跑 1 次，第 2 次通过] 总停止类型：实际 'PASSED'
  通过 [B 允许重跑 1 次，第 2 次通过] 退出码：实际 0
  通过 [B 允许重跑 1 次，第 2 次通过] 门禁最终状态：实际 'PASS'
  通过 [B 允许重跑 1 次，第 2 次通过] 每次执行的状态：实际 ['FAIL', 'PASS']
  通过 [B 允许重跑 1 次，第 2 次通过] 每次执行的序号 attempt：实际 [1, 2]
  通过 [B 允许重跑 1 次，第 2 次通过] 每次执行的原因 reason（通过的那次为 null）：实际 ['json-invalid', None]
  通过 [B 允许重跑 1 次，第 2 次通过] 门禁记录 reruns：实际 1
  通过 [B 允许重跑 1 次，第 2 次通过] 门禁记录 passed_after_rerun：实际 True
  通过 [B 允许重跑 1 次，第 2 次通过] 门禁记录 repeated_reason：实际 None
  通过 [B 允许重跑 1 次，第 2 次通过] 单元计数 gate_reruns：实际 1
  通过 [B 允许重跑 1 次，第 2 次通过] 两次执行各有自己的输出日志，互不覆盖
  通过 [B 允许重跑 1 次，第 2 次通过] 失败那次的原因写进了 result.md
  通过 [B 允许重跑 1 次，第 2 次通过] 结果的证据索引里 gate:G1 带着两次执行：实际 2
  通过 [B 允许重跑 1 次，第 2 次通过] 评审方拿到的门禁证据里能看到两次执行：实际 2
  通过 [C 允许重跑 1 次，两次都没过（原因不同）] 总停止类型：实际 'NOT_MET'
  通过 [C 允许重跑 1 次，两次都没过（原因不同）] 每次执行的状态：实际 ['FAIL', 'FAIL']
  通过 [C 允许重跑 1 次，两次都没过（原因不同）] 门禁最终状态：实际 'FAIL'
  通过 [C 允许重跑 1 次，两次都没过（原因不同）] repeated_reason（原因不同，不算重复）：实际 None
  通过 [D 允许重跑 3 次，同一原因出现两次] 总停止类型（不再重跑，回去修）：实际 'NOT_MET'
  通过 [D 允许重跑 3 次，同一原因出现两次] 门禁执行次数（第 2 次之后就停）：实际 2
  通过 [D 允许重跑 3 次，同一原因出现两次] 门禁最终状态：实际 'FAIL'
  通过 [D 允许重跑 3 次，同一原因出现两次] repeated_reason：实际 'json-invalid'
  通过 [E 允许重跑 3 次，原因各不相同，第 3 次通过] 总停止类型：实际 'PASSED'
  通过 [E 允许重跑 3 次，原因各不相同，第 3 次通过] 每次执行的状态：实际 ['FAIL', 'FAIL', 'PASS']
  通过 [E 允许重跑 3 次，原因各不相同，第 3 次通过] 单元计数 gate_reruns：实际 2
  通过 [F 两个门禁先后因同一原因失败] G1 重跑后通过：实际 'PASS'
  通过 [F 两个门禁先后因同一原因失败] G2 执行次数（原因和 G1 那次相同，不给重跑）：实际 1
  通过 [F 两个门禁先后因同一原因失败] G2 最终状态：实际 'FAIL'
  通过 [F 两个门禁先后因同一原因失败] G2 的 repeated_reason：实际 'json-invalid'
  通过 [F 两个门禁先后因同一原因失败] 总停止类型：实际 'NOT_MET'
  通过 [G 失败时没写原因（从严：算同一个原因）] 每次执行的原因：实际 ['unspecified', 'unspecified']
  通过 [G 失败时没写原因（从严：算同一个原因）] repeated_reason：实际 'unspecified'
  通过 [G 失败时没写原因（从严：算同一个原因）] 总停止类型：实际 'NOT_MET'
  通过 [H 返修之后从头再来] 总停止类型（第 2 轮：失败一次、重跑通过）：实际 'PASSED'
  通过 [H 返修之后从头再来] 业务返修次数：实际 1
  通过 [H 返修之后从头再来] 第 1 轮的记录还在，状态 FAIL：实际 'FAIL'
  通过 [H 返修之后从头再来] 第 1 轮执行次数：实际 2
  通过 [H 返修之后从头再来] 第 2 轮每次执行的状态（上一轮的原因不带过来）：实际 ['FAIL', 'PASS']
  通过 [H 返修之后从头再来] 单元计数 gate_reruns（两轮合计）：实际 2
  通过 [I 门禁超时不重跑] 总停止类型（环境问题仍是推不动）：实际 'BLOCKED'
  通过 [I 门禁超时不重跑] 门禁执行次数：实际 1
  通过 [I 门禁超时不重跑] 那次执行的状态：实际 ['UNKNOWN']
  通过 [J 规则检查] max_reruns=0 接受
  通过 [J 规则检查] max_reruns=5 接受
  通过 [J 规则检查] max_reruns=6 拒绝
  通过 [J 规则检查] max_reruns=-1 拒绝
  通过 [J 规则检查] max_reruns=True 拒绝
  通过 [J 规则检查] max_reruns=1.5 拒绝
  通过 [J 规则检查] max_reruns='1' 拒绝

U3 验收：54/54 项通过
  通过 [A 开关打开，评审方引用自己取到的证据] 总停止类型：实际 'PASSED'
  通过 [A 开关打开，评审方引用自己取到的证据] 退出码：实际 0
  通过 [A 开关打开，评审方引用自己取到的证据] 评审方上下文里有 scratch_path，是一个已存在、可写的目录
  通过 [A 开关打开，评审方引用自己取到的证据] 环境变量 LOOP_SCRATCH 与 scratch_path 相同
  通过 [A 开关打开，评审方引用自己取到的证据] 取证目录不在候选副本里面
  通过 [A 开关打开，评审方引用自己取到的证据] 开发方上下文里 scratch_path 为 null：实际 None
  通过 [A 开关打开，评审方引用自己取到的证据] 结果的证据索引里有这条引用，指纹与文件内容一致：实际 'd978900482feacfb5219e2a3abf90133bda28f48ac1afc9b71e114768724a361'
  通过 [A 开关打开，评审方引用自己取到的证据] 证据索引里记了文件位置 path
  通过 [A 开关打开，评审方引用自己取到的证据] 给评审方的提示里讲了 scratch: 引用和取证目录
  通过 [A 开关打开，评审方引用自己取到的证据] 改动之前 audit 通过：实际 0
  通过 [A 开关打开，评审方引用自己取到的证据] 被引用的取证文件事后被改，audit 能发现（退出码 5）：实际 5
  通过 [B 不开开关（默认）] 评审方上下文里 scratch_path 为 null：实际 None
  通过 [B 不开开关（默认）] 引用 scratch: 被拒收，总停止类型：实际 'BLOCKED'
  通过 [B 不开开关（默认）] 停止原因是交付格式
  通过 [B 不开开关（默认）] 给评审方的提示里不出现 scratch:
  通过 [B 不开开关（默认）] 不引用 scratch: 时照旧达标：实际 'PASSED'
  通过 [C 开关打开，开发方引用 scratch:] 总停止类型：实际 'BLOCKED'
  通过 [C 开关打开，开发方引用 scratch:] 成员启动次数（评审方不应被启动）：实际 1
  通过 [D 引用的文件不存在] 总停止类型：实际 'BLOCKED'
  通过 [D 引用的文件不存在] 停止原因是交付格式
  通过 [E 引用越出取证目录] 总停止类型：实际 'BLOCKED'
  通过 [E 引用越出取证目录] 停止原因是交付格式
  通过 [F 引用的是符号链接] 总停止类型：实际 'BLOCKED'
  通过 [F 引用的是符号链接] 停止原因是交付格式
  通过 [G 开关打开，评审方改了候选副本] 总停止类型：实际 'BLOCKED'
  通过 [G 开关打开，评审方改了候选副本] 停止原因指出评审阶段改了代码
  通过 [H 取证目录超过大小上限] 总停止类型：实际 'BLOCKED'
  通过 [H 取证目录超过大小上限] 停止原因是交付格式
  通过 [K 评审方第一次交付格式错，修格式时取证目录里的东西还在] 总停止类型：实际 'PASSED'
  通过 [K 评审方第一次交付格式错，修格式时取证目录里的东西还在] 按角色的格式修复计数：实际 {'developer': 0, 'reviewer': 1}
  通过 [K 评审方第一次交付格式错，修格式时取证目录里的东西还在] 第一次取到的证据在修格式那次仍可引用：实际 '3636c487a36658118754149cd2a0fa85c1fd75b225602ad9f9a25e6401ea4e5c'
  通过 [L 规则检查] reviewer_exec=True 接受
  通过 [L 规则检查] reviewer_exec=False 接受
  通过 [L 规则检查] reviewer_exec='yes' 拒绝
  通过 [L 规则检查] reviewer_exec=1 拒绝
  通过 [L 规则检查] reviewer_exec=None 拒绝

U4 验收：36/36 项通过
