2026-10-01T18:03:12.216Z [INFO] node: current file not found, needs extraction
2026-10-01T18:03:12.686Z [INFO] ensureAll started, resourcesPath=/Applications/WorkBuddy.app/Contents/Resources, codebuddyHome=/private/tmp/loop-card-host-HPiR04/profile, assets=7
2026-10-01T18:03:12.686Z [INFO] PortableGit: ensureOne started (platform=darwin, target=/private/tmp/loop-card-host-HPiR04/profile/binaries/PortableGit/versions/1.2.0, managed=true)
2026-10-01T18:03:12.686Z [INFO] PortableGit: skipped (platform darwin not in [win32])
2026-10-01T18:03:12.686Z [INFO] node: ensureOne started (platform=darwin, target=/private/tmp/loop-card-host-HPiR04/profile/binaries/node/versions/22.22.2-3, managed=true)
2026-10-01T18:03:12.686Z [INFO] node: skipped (platform darwin not in [win32])
2026-10-01T18:03:12.686Z [INFO] python: ensureOne started (platform=darwin, target=/private/tmp/loop-card-host-HPiR04/profile/binaries/python/versions/3.13.12, managed=true)
2026-10-01T18:03:12.686Z [INFO] python: skipped (platform darwin not in [win32])
2026-10-01T18:03:12.686Z [INFO] node: ensureOne started (platform=darwin, target=/private/tmp/loop-card-host-HPiR04/profile/binaries/node/versions/22.22.2-3, managed=true)
2026-10-01T18:03:12.686Z [INFO] node: current file not found, needs extraction
2026-10-01T18:03:12.687Z [INFO] node: lock.acquire.start versionDir=22.22.2-3 lockPath=/private/tmp/loop-card-host-HPiR04/profile/binaries/node/versions/.locks/22.22.2-3.lock pid=40770 target=/private/tmp/loop-card-host-HPiR04/profile/binaries/node/versions/22.22.2-3
2026-10-01T18:03:12.687Z [INFO] node: current file not found, needs extraction
2026-10-01T18:03:12.693Z [INFO] node: lock.acquire.ok ownerId=ecf2d89b-24ee-4f97-9245-faba0768b5ff elapsedMs=7 attempts=1 reclaimedStale=false
2026-10-01T18:03:12.693Z [INFO] node: current file not found, needs extraction
2026-10-01T18:03:12.693Z [INFO] node: extract.temp.created tempDir=/private/tmp/loop-card-host-HPiR04/profile/binaries/node/versions/.extracting.node.40770.8d51a60e-c5f1-4bfe-91cc-342f9f5d6563
2026-10-01T18:03:12.693Z [INFO] node: extracting node.dat (100.56 MB)...
2026-10-01T18:03:12.836Z [INFO] python: ensureOne started (platform=darwin, target=/private/tmp/loop-card-host-HPiR04/profile/binaries/python/versions/3.13.12, managed=true)
2026-10-01T18:03:12.837Z [INFO] python: current file not found, needs extraction
2026-10-01T18:03:12.837Z [INFO] python: lock.acquire.start versionDir=3.13.12 lockPath=/private/tmp/loop-card-host-HPiR04/profile/binaries/python/versions/.locks/3.13.12.lock pid=40770 target=/private/tmp/loop-card-host-HPiR04/profile/binaries/python/versions/3.13.12
2026-10-01T18:03:12.837Z [INFO] python: current file not found, needs extraction
2026-10-01T18:03:12.975Z [INFO] python: lock.acquire.ok ownerId=14ee381a-c0e0-4133-b5c1-5079d3a516b9 elapsedMs=138 attempts=1 reclaimedStale=false
2026-10-01T18:03:12.975Z [INFO] python: current file not found, needs extraction
2026-10-01T18:03:12.975Z [INFO] python: extract.temp.created tempDir=/private/tmp/loop-card-host-HPiR04/profile/binaries/python/versions/.extracting.python.40770.358f403a-515c-45e2-a549-a4121447e060
2026-10-01T18:03:12.975Z [INFO] python: extracting python.dat (16.93 MB)...
2026-10-01T18:03:12.999Z [INFO] node: ensureOne started (platform=darwin, target=/private/tmp/loop-card-host-HPiR04/profile/binaries/node/versions/22.22.2, managed=true)
2026-10-01T18:03:12.999Z [INFO] node: skipped (platform darwin not in [linux])
2026-10-01T18:03:12.999Z [INFO] python: ensureOne started (platform=darwin, target=/private/tmp/loop-card-host-HPiR04/profile/binaries/python/versions/3.13.12, managed=true)
2026-10-01T18:03:12.999Z [INFO] python: skipped (platform darwin not in [linux])
